// Jest Snapshot v1, https://goo.gl/fbAQLP

exports[`ImageContainer should render the ImageContainer component 1`] = `
<div>
  <img
    onClick={
      [MockFunction] {
        "calls": Array [
          Array [],
        ],
        "results": Array [
          Object {
            "isThrow": false,
            "value": undefined,
          },
        ],
      }
    }
  />
</div>
`;
